// Jest Snapshot v1, https://goo.gl/fbAQLP

exports[`<Main /> shold render correctly 1`] = `
<main
  class="styles__Wrapper-sc-1s5iy43-0 hXYcuj"
>
  <img
    alt="Imagem de um átomo e React Avançado escrito ao lado."
    class="styles__Logo-sc-1s5iy43-1 ibaroc"
    src="/img/logo.svg"
  />
  <h1
    class="styles__Title-sc-1s5iy43-2 kehcqe"
  >
    React Avançado
  </h1>
  <h2
    class="styles__Description-sc-1s5iy43-3 gCvhzp"
  >
    TypeScript, ReactJS, NextJS e Styled Components
  </h2>
  <img
    alt="Um desenvolvedor de frente para uma tela com código."
    class="styles__Illustration-sc-1s5iy43-4 jZQzzE"
    src="/img/hero-illustration.svg"
  />
</main>
`
